../Core/Src/main.c:71:5:main	56	static
../Core/Src/main.c:148:6:SystemClock_Config	88	static
../Core/Src/main.c:195:13:MX_USART2_UART_Init	8	static
../Core/Src/main.c:228:13:MX_GPIO_Init	48	static
../Core/Src/main.c:281:6:led_thread_1	16	static
../Core/Src/main.c:287:6:led_thread_2	16	static
../Core/Src/main.c:293:6:led_thread_3	16	static
../Core/Src/main.c:299:6:led_thread_4	16	static
../Core/Src/main.c:305:6:UART_thread_1	56	static
../Core/Src/main.c:318:6:UART_thread_2	56	static
../Core/Src/main.c:340:6:StartDefaultTask	232	static
../Core/Src/main.c:369:6:Error_Handler	4	static,ignoring_inline_asm
