../Core/Src/main.c:69:5:main	8	static
../Core/Src/main.c:116:6:SystemClock_Config	88	static
../Core/Src/main.c:163:13:MX_USART2_UART_Init	8	static
../Core/Src/main.c:194:13:MX_DMA_Init	16	static
../Core/Src/main.c:215:13:MX_GPIO_Init	48	static
../Core/Src/main.c:248:6:HAL_UART_TxHalfCpltCallback	16	static
../Core/Src/main.c:251:6:HAL_UART_TxCpltCallback	16	static
../Core/Src/main.c:254:6:HAL_UART_RxHalfCpltCallback	24	static
../Core/Src/main.c:261:6:HAL_UART_RxCpltCallback	24	static
../Core/Src/main.c:276:6:Error_Handler	4	static,ignoring_inline_asm
