../Core/Src/main.c:137:5:main	8	static
../Core/Src/main.c:240:6:SystemClock_Config	88	static
../Core/Src/main.c:287:13:MX_USART2_UART_Init	8	static
../Core/Src/main.c:320:13:MX_GPIO_Init	48	static
../Core/Src/main.c:382:6:StartDefaultTask	16	static
../Core/Src/main.c:400:6:StartTask02	16	static
../Core/Src/main.c:419:6:StartTask03	16	static
../Core/Src/main.c:438:6:StartTask04	16	static
../Core/Src/main.c:457:6:StartTask05	16	static
../Core/Src/main.c:476:6:StartTask06	56	static
../Core/Src/main.c:500:6:StartTask07	56	static
../Core/Src/main.c:524:6:StartTask08	56	static
../Core/Src/main.c:546:6:Error_Handler	4	static,ignoring_inline_asm
