../Core/Src/main.c:68:5:main	48	static
../Core/Src/main.c:140:6:SystemClock_Config	88	static
../Core/Src/main.c:187:13:MX_USART2_UART_Init	8	static
../Core/Src/main.c:220:13:MX_GPIO_Init	48	static
../Core/Src/main.c:273:6:led_thread_1	16	static
../Core/Src/main.c:279:6:led_thread_2	16	static
../Core/Src/main.c:285:6:led_thread_3	16	static
../Core/Src/main.c:291:6:led_thread_4	16	static
../Core/Src/main.c:306:6:StartDefaultTask	152	static
../Core/Src/main.c:329:6:Error_Handler	4	static,ignoring_inline_asm
